// Vitest Snapshot v1, https://vitest.dev/guide/snapshot.html

exports[`FirstStepApss > should match snapshot  1`] = `
<div>
  <h1>
    Carrito de compra
  </h1>
  <div
    data-testid="ItemCounter"
  />
  <div
    data-testid="ItemCounter"
  />
  <div
    data-testid="ItemCounter"
  />
</div>
`;
